YES
364
UUUUUULUUUUUUUUUUULLLUUUULLUUULLLLLLUUUUUUUUUUULUUULLLUUUUUUUUULLUUUULLLUUUUUUUUUUUUUUUUUUUUULLUUUULLLUULUUUULLLLLLUULLUUULUUULULULUUUULLUUUUUUUUUULLUUULLLLUULUULLUULUUUUULLUUUULULUUULLUUULLUUUUULUUULLUUUUUUUUUUUUUUUUUUUULLLUUULUULULUUUUUUUUUUUUULUUULUUUUUUULLUUUUUULLLUUULUUUULLULULLLLLULLLUULLLLUUUULUUUUUUULLULUUUUUUUUUULLUUUUUUUULULUUUULUUUUULULLLLLULLULLLLLUL
